Last login: Tue Sep 12 23:07:34 on ttys003
HF:~ wonderful$ alias mysql=/usr/local/mysql/bin/mysql
HF:~ wonderful$ alias mysqladmin=/usr/local/mysql/bin/mysqladmin
HF:~ wonderful$ mysql -u root -p
Enter password: 
Welcome to the MySQL monitor.  Commands end with ; or \g.
Your MySQL connection id is 443
Server version: 5.7.19 MySQL Community Server (GPL)

Copyright (c) 2000, 2017, Oracle and/or its affiliates. All rights reserved.

Oracle is a registered trademark of Oracle Corporation and/or its
affiliates. Other names may be trademarks of their respective
owners.

Type 'help;' or '\h' for help. Type '\c' to clear the current input statement.

mysql> help contents;
You asked for help about help category: "Contents"
For more information, type 'help <item>', where <item> is one of the following
categories:
   Account Management
   Administration
   Compound Statements
   Data Definition
   Data Manipulation
   Data Types
   Functions
   Functions and Modifiers for Use with GROUP BY
   Geographic Features
   Help Metadata
   Language Structure
   Plugins
   Procedures
   Storage Engines
   Table Maintenance
   Transactions
   User-Defined Functions
   Utility

mysql> help data manipulation
You asked for help about help category: "Data Manipulation"
For more information, type 'help <item>', where <item> is one of the following
topics:
   CALL
   DELETE
   DO
   DUAL
   HANDLER
   INSERT
   INSERT DELAYED
   INSERT SELECT
   JOIN
   LOAD DATA
   LOAD XML
   REPLACE
   SELECT
   UNION
   UPDATE

mysql> help show database

Nothing found
Please try to run 'help contents' for a list of all accessible topics

mysql> help show databases
Name: 'SHOW DATABASES'
Description:
Syntax:
SHOW {DATABASES | SCHEMAS}
    [LIKE 'pattern' | WHERE expr]

SHOW DATABASES lists the databases on the MySQL server host. SHOW
SCHEMAS is a synonym for SHOW DATABASES. The LIKE clause, if present,
indicates which database names to match. The WHERE clause can be given
to select rows using more general conditions, as discussed in
http://dev.mysql.com/doc/refman/5.7/en/extended-show.html.

You see only those databases for which you have some kind of privilege,
unless you have the global SHOW DATABASES privilege. You can also get
this list using the mysqlshow command.

If the server was started with the --skip-show-database option, you
cannot use this statement at all unless you have the SHOW DATABASES
privilege.

URL: http://dev.mysql.com/doc/refman/5.7/en/show-databases.html


mysql> sdfsdflgkmsflgk
    -> \c
mysql> show databases;
+--------------------+
| Database           |
+--------------------+
| information_schema |
| mysql              |
| performance_schema |
| sys                |
+--------------------+
4 rows in set (0.00 sec)

mysql> SHOW DATABASES;
+--------------------+
| Database           |
+--------------------+
| information_schema |
| mysql              |
| performance_schema |
| sys                |
+--------------------+
4 rows in set (0.00 sec)

mysql> CREATE TABLE test.books (book_id INT, title TEXT, status INT);
ERROR 1049 (42000): Unknown database 'test'
mysql> CREATE DATABASE test
    -> ;
Query OK, 1 row affected (0.00 sec)

mysql> SHOW DATABASES;
+--------------------+
| Database           |
+--------------------+
| information_schema |
| mysql              |
| performance_schema |
| sys                |
| test               |
+--------------------+
5 rows in set (0.00 sec)

mysql> CREATE TABLE test.book (book_id INT, title TEXT, status INT);
Query OK, 0 rows affected (0.02 sec)

mysql> SHOW TABLES FROM test;
+----------------+
| Tables_in_test |
+----------------+
| book           |
+----------------+
1 row in set (0.00 sec)

mysql> DESCRIBE book;
ERROR 1046 (3D000): No database selected
mysql> DESCRIBE test;
ERROR 1046 (3D000): No database selected
mysql> DESCRIBE book FROM test;
ERROR 1046 (3D000): No database selected
mysql> SHOW DATABASES;
+--------------------+
| Database           |
+--------------------+
| information_schema |
| mysql              |
| performance_schema |
| sys                |
| test               |
+--------------------+
5 rows in set (0.00 sec)

mysql> SHOW TABLES FROM test;
+----------------+
| Tables_in_test |
+----------------+
| book           |
+----------------+
1 row in set (0.00 sec)

mysql> DESCRIBE TABLES FROM test;
ERROR 1046 (3D000): No database selected
mysql> SELECT test;
ERROR 1054 (42S22): Unknown column 'test' in 'field list'
mysql> SELECT book FROM test;
ERROR 1046 (3D000): No database selected
mysql> USE test
Reading table information for completion of table and column names
You can turn off this feature to get a quicker startup with -A

Database changed
mysql> -A
    -> \c
mysql> test -A
    -> ;
ERROR 1064 (42000): You have an error in your SQL syntax; check the manual that corresponds to your MySQL server version for the right syntax to use near 'test -A' at line 1
mysql> DESCRIBE book;
+---------+---------+------+-----+---------+-------+
| Field   | Type    | Null | Key | Default | Extra |
+---------+---------+------+-----+---------+-------+
| book_id | int(11) | YES  |     | NULL    |       |
| title   | text    | YES  |     | NULL    |       |
| status  | int(11) | YES  |     | NULL    |       |
+---------+---------+------+-----+---------+-------+
3 rows in set (0.00 sec)

mysql> INSERT INTO book VALUES(100, 'Heart of Darkness', 0);
Query OK, 1 row affected (0.00 sec)

mysql> INERT INTO book VALUES(101, 'The Catcher of the Rye', 1);
ERROR 1064 (42000): You have an error in your SQL syntax; check the manual that corresponds to your MySQL server version for the right syntax to use near 'INERT INTO book VALUES(101, 'The Catcher of the Rye', 1)' at line 1
mysql> INSERT INTO book VALUES(101, 'The Catcher of the Rye', 1);
Query OK, 1 row affected (0.00 sec)

mysql> INSERT INTO book VALUES(102, 'My Antonia', 0);
Query OK, 1 row affected (0.00 sec)

mysql> SELECT * FROM book;
+---------+------------------------+--------+
| book_id | title                  | status |
+---------+------------------------+--------+
|     100 | Heart of Darkness      |      0 |
|     101 | The Catcher of the Rye |      1 |
|     102 | My Antonia             |      0 |
+---------+------------------------+--------+
3 rows in set (0.00 sec)

mysql> SELECT * FROM book WHERE status = 1;
+---------+------------------------+--------+
| book_id | title                  | status |
+---------+------------------------+--------+
|     101 | The Catcher of the Rye |      1 |
+---------+------------------------+--------+
1 row in set (0.00 sec)

mysql> SELECT * FROM books WHERE status = 0
    -> ;
ERROR 1146 (42S02): Table 'test.books' doesn't exist
mysql> SELECT * FROM book WHERE status = 0;
+---------+-------------------+--------+
| book_id | title             | status |
+---------+-------------------+--------+
|     100 | Heart of Darkness |      0 |
|     102 | My Antonia        |      0 |
+---------+-------------------+--------+
2 rows in set (0.00 sec)

mysql> SELECT * FROM book WHERE status = 0 \G
*************************** 1. row ***************************
book_id: 100
  title: Heart of Darkness
 status: 0
*************************** 2. row ***************************
book_id: 102
  title: My Antonia
 status: 0
2 rows in set (0.00 sec)

mysql> UPDATE book SET status = 1 WHERE book_id = 102l
    -> \c
mysql> UPDATE book SET status = 1 WHERE book_id = 102;
Query OK, 1 row affected (0.00 sec)
Rows matched: 1  Changed: 1  Warnings: 0

mysql> SELECT * FROM book WHERE status = 1;
+---------+------------------------+--------+
| book_id | title                  | status |
+---------+------------------------+--------+
|     101 | The Catcher of the Rye |      1 |
|     102 | My Antonia             |      1 |
+---------+------------------------+--------+
2 rows in set (0.00 sec)

mysql> UPDATE book SET status = 0 WHERE book_id = 101;
Query OK, 1 row affected (0.00 sec)
Rows matched: 1  Changed: 1  Warnings: 0

mysql> SELECT * FROM book WHERE status = 0;
+---------+------------------------+--------+
| book_id | title                  | status |
+---------+------------------------+--------+
|     100 | Heart of Darkness      |      0 |
|     101 | The Catcher of the Rye |      0 |
+---------+------------------------+--------+
2 rows in set (0.00 sec)

mysql> UPDATE BOOK
    -> \c
mysql> UPDATE book
    -> SET title = 'The Catcher in the Rye', status = 1
    -> WHERE book_id = 101;
Query OK, 1 row affected (0.00 sec)
Rows matched: 1  Changed: 1  Warnings: 0

mysql> SELECT * FROM book WHERE book_id = 101;
+---------+------------------------+--------+
| book_id | title                  | status |
+---------+------------------------+--------+
|     101 | The Catcher in the Rye |      1 |
+---------+------------------------+--------+
1 row in set (0.00 sec)

mysql> CREATE TABLE status_names (status_id INT, status_name CHAR(8));
Query OK, 0 rows affected (0.01 sec)

mysql> INSERT INTO status_names VALUES(0, 'Inactive'), (1, 'Active');
Query OK, 2 rows affected (0.00 sec)
Records: 2  Duplicates: 0  Warnings: 0

mysql> SELECT * FROM status_names;
+-----------+-------------+
| status_id | status_name |
+-----------+-------------+
|         0 | Inactive    |
|         1 | Active      |
+-----------+-------------+
2 rows in set (0.00 sec)

mysql> SELECT book_id, title, status_name
    -> FROM book JOIN status_names
    -> WHERE status = status_id;
+---------+------------------------+-------------+
| book_id | title                  | status_name |
+---------+------------------------+-------------+
|     100 | Heart of Darkness      | Inactive    |
|     101 | The Catcher in the Rye | Active      |
|     102 | My Antonia             | Active      |
+---------+------------------------+-------------+
3 rows in set (0.01 sec)

mysql> 
